#
# A fatal error has been detected by the Java Runtime Environment:
#
#  Internal Error (os_windows_x86.cpp:143), pid=21508, tid=20916
#  guarantee(result == EXCEPTION_CONTINUE_EXECUTION) failed: Unexpected result from topLevelExceptionFilter
#
# JRE version: Java(TM) SE Runtime Environment (23.0.1+11) (build 23.0.1+11-39)
# Java VM: Java HotSpot(TM) 64-Bit Server VM (23.0.1+11-39, mixed mode, sharing, tiered, compressed oops, compressed class ptrs, g1 gc, windows-amd64)
# No core dump will be written. Minidumps are not enabled by default on client versions of Windows
#
# If you would like to submit a bug report, please visit:
#   https://bugreport.java.com/bugreport/crash.jsp
# The crash happened outside the Java Virtual Machine in native code.
# See problematic frame for where to report the bug.
#

---------------  S U M M A R Y ------------

Command Line: 

Host: AMD Ryzen 5 5500U with Radeon Graphics         , 12 cores, 23G,  Windows 10 , 64 bit Build 19041 (10.0.19041.5915)
Time: Sun Nov 23 15:12:23 2025 Arabian Standard Time elapsed time: 12.392425 seconds (0d 0h 0m 12s)

---------------  T H R E A D  ---------------

Current thread (0x0000027c5096f180):  JavaThread "main"             [_thread_in_native, id=20916, stack(0x000000f5e4600000,0x000000f5e4e00000) (8192K)]

Stack: [0x000000f5e4600000,0x000000f5e4e00000]
Native frames: (J=compiled Java code, j=interpreted, Vv=VM code, C=native code)
V  [jvm.dll+0x6e08b9]  (no source info available)
V  [jvm.dll+0x87dc83]  (no source info available)
V  [jvm.dll+0x88010e]  (no source info available)
V  [jvm.dll+0x880797]  (no source info available)
V  [jvm.dll+0x27ae67]  (no source info available)
V  [jvm.dll+0x6e03b3]  (no source info available)
C  [ntdll.dll+0xa296f]  (no source info available)
C  [ntdll.dll+0x52554]  (no source info available)
C  [ntdll.dll+0xa147e]  (no source info available)
C  [godot.windows.editor.x86_64.jvm.0.13.1.exe+0x4e583e2]  (no source info available)
C  [godot.windows.editor.x86_64.jvm.0.13.1.exe+0xf5c006]  (no source info available)
C  0x0000027c60efd207  (no source info available)

The last pc belongs to native method entry point (kind = native) (printed below).
Java frames: (J=compiled Java code, j=interpreted, Vv=VM code)
j  godot.core.VariantArray$Bridge.engine_call_operator_get(J)V+0
j  godot.core.VariantArray.get(I)Ljava/lang/Object;+32
j  WaveSystem.startWave()V+23
j  godot.entry.WaveSystemRegistrar$register$1$1$3.invoke(LWaveSystem;)V+7
j  godot.entry.WaveSystemRegistrar$register$1$1$3.invoke(Ljava/lang/Object;)Ljava/lang/Object;+5
j  godot.core.KtFunction0.invokeKt$godot_core_library(Lgodot/core/KtObject;)Ljava/lang/Object;+11
j  godot.core.KtFunction.invoke(Lgodot/core/KtObject;)V+38
v  ~StubRoutines::call_stub 0x0000027c60ef0fcd
Lock stack of current Java thread (top to bottom):

native method entry point (kind = native)  [0x0000027c60efcde0, 0x0000027c60efd938]  2904 bytes
[MachCode]
  0x0000027c60efcde0: 488b 4b08 | 0fb7 492e | 584c 8d74 | ccf8 6800 | 0000 0068 | 0000 0000 | 5055 488b | ec41 5568 
  0x0000027c60efce00: 0000 0000 | 4c8b 6b08 | 4d8d 6d38 | 5348 8b53 | 0848 8b52 | 0848 8b52 | 1848 8b52 | 7048 8b12 
  0x0000027c60efce20: 5248 8b53 | 1048 85d2 | 0f84 0700 | 0000 4881 | c210 0100 | 0052 488b | 5308 488b | 5208 488b 
  0x0000027c60efce40: 5210 5249 | 8bc6 482b | c548 c1e8 | 0350 6800 | 0000 0068 | f7ff ffff | 41c6 8771 | 0400 0001 
  0x0000027c60efce60: 488b 4310 | 4885 c074 | 208b 88cc | 0000 0083 | c102 8988 | cc00 0000 | 2388 e000 | 0000 0f84 
  0x0000027c60efce80: 000a 0000 | e9cf 0000 | 0048 8b43 | 1848 85c0 | 0f85 b000 | 0000 e805 | 0000 00e9 | 9900 0000 
  0x0000027c60efcea0: 488b d348 | 8d44 2408 | 4c89 6dc0 | 498b cfc5 | f877 4989 | afb0 0300 | 0049 8987 | a003 0000 
  0x0000027c60efcec0: 4883 ec20 | 40f6 c40f | 0f84 1900 | 0000 4883 | ec08 48b8 | 9026 0c79 | fa7f 0000 | ffd0 4883 
  0x0000027c60efcee0: c408 e90c | 0000 0048 | b890 260c | 79fa 7f00 | 00ff d048 | 83c4 2049 | c787 a003 | 0000 0000 
  0x0000027c60efcf00: 0000 49c7 | 87b0 0300 | 0000 0000 | 0049 c787 | a803 0000 | 0000 0000 | c5f8 7749 | 837f 0800 
  0x0000027c60efcf20: 0f84 0500 | 0000 e995 | 3fff ff4c | 8b6d c04c | 8b75 c84e | 8d74 f500 | c348 8b43 | 1848 85c0 
  0x0000027c60efcf40: 0f84 1200 | 0000 8b48 | 0883 c102 | 8948 0823 | 481c 0f84 | 2c09 0000 | 493b a7e8 | 0400 000f 
  0x0000027c60efcf60: 8748 0000 | 0089 8424 | 00f0 ffff | 8984 2400 | e0ff ff89 | 8424 00d0 | ffff 8984 | 2400 c0ff 
  0x0000027c60efcf80: ff89 8424 | 00b0 ffff | 8984 2400 | a0ff ff89 | 8424 0090 | ffff 8984 | 2400 80ff | ff49 3ba7 
  0x0000027c60efcfa0: e004 0000 | 7607 4989 | a7e8 0400 | 0041 c687 | 7104 0000 | 0049 ba41 | ad93 79fa | 7f00 0041 
  0x0000027c60efcfc0: 803a 000f | 843e 0000 | 0048 8b55 | e849 8bcf | 4883 ec20 | 40f6 c40f | 0f84 1900 | 0000 4883 
  0x0000027c60efcfe0: ec08 48b8 | 10ee 4379 | fa7f 0000 | ffd0 4883 | c408 e90c | 0000 0048 | b810 ee43 | 79fa 7f00 
  0x0000027c60efd000: 00ff d048 | 83c4 2048 | 8b5d e84c | 8b5b 0845 | 0fb7 5b2e | 41c1 e303 | 492b e348 | 83ec 2048 
  0x0000027c60efd020: 83e4 f04c | 8b5b 604d | 85db 0f85 | ab00 0000 | e805 0000 | 00e9 9900 | 0000 488b | d348 8d44 
  0x0000027c60efd040: 2408 4c89 | 6dc0 498b | cfc5 f877 | 4989 afb0 | 0300 0049 | 8987 a003 | 0000 4883 | ec20 40f6 
  0x0000027c60efd060: c40f 0f84 | 1900 0000 | 4883 ec08 | 48b8 f04d | 0c79 fa7f | 0000 ffd0 | 4883 c408 | e90c 0000 
  0x0000027c60efd080: 0048 b8f0 | 4d0c 79fa | 7f00 00ff | d048 83c4 | 2049 c787 | a003 0000 | 0000 0000 | 49c7 87b0 
  0x0000027c60efd0a0: 0300 0000 | 0000 0049 | c787 a803 | 0000 0000 | 0000 c5f8 | 7749 837f | 0800 0f84 | 0500 0000 
  0x0000027c60efd0c0: e9fb 3dff | ff4c 8b6d | c04c 8b75 | c84e 8d74 | f500 c348 | 8b5d e84c | 8b5b 6041 | ffd3 488b 
  0x0000027c60efd0e0: 5de8 4889 | 4518 448b | 5b28 41f6 | c308 0f84 | 1b00 0000 | 4c8b 5b08 | 4d8b 5b08 | 4d8b 5b18 
  0x0000027c60efd100: 4d8b 5b70 | 4d8b 1b4c | 895d 1048 | 8d55 1048 | 8b43 5849 | ba60 3c44 | 79fa 7f00 | 0049 3bc2 
  0x0000027c60efd120: 0f85 ab00 | 0000 e805 | 0000 00e9 | 9900 0000 | 488b d348 | 8d44 2408 | 4c89 6dc0 | 498b cfc5 
  0x0000027c60efd140: f877 4989 | afb0 0300 | 0049 8987 | a003 0000 | 4883 ec20 | 40f6 c40f | 0f84 1900 | 0000 4883 
  0x0000027c60efd160: ec08 48b8 | f04d 0c79 | fa7f 0000 | ffd0 4883 | c408 e90c | 0000 0048 | b8f0 4d0c | 79fa 7f00 
  0x0000027c60efd180: 00ff d048 | 83c4 2049 | c787 a003 | 0000 0000 | 0000 49c7 | 87b0 0300 | 0000 0000 | 0049 c787 
  0x0000027c60efd1a0: a803 0000 | 0000 0000 | c5f8 7749 | 837f 0800 | 0f84 0500 | 0000 e905 | 3dff ff4c | 8b6d c04c 
  0x0000027c60efd1c0: 8b75 c84e | 8d74 f500 | c348 8b5d | e848 8b43 | 5849 8d8f | c003 0000 | c5f8 7749 | 89af b003 
  0x0000027c60efd1e0: 0000 49ba | d8d1 ef60 | 7c02 0000 | 4d89 97a8 | 0300 0049 | 89a7 a003 | 0000 41c7 | 8744 0400 
  0x0000027c60efd200: 0004 0000 | 00ff d0c5 | f877 4883 | ec10 c5fb | 1104 2448 | 83ec 1048 | 8904 2448 | c744 2408 
  0x0000027c60efd220: 0000 0000 | 41c7 8744 | 0400 0005 | 0000 00f0 | 8344 24c0 | 0049 3baf | 4804 0000 | 0f87 0e00 
  0x0000027c60efd240: 0000 4183 | bf40 0400 | 0000 0f84 | 2000 0000 | 498b cf4c | 8be4 4883 | ec20 4883 | e4f0 48b8 
  0x0000027c60efd260: 90a9 0d79 | fa7f 0000 | ffd0 498b | e44d 33e4 | 41c7 8744 | 0400 0008 | 0000 0049 | c787 a003 
  0x0000027c60efd280: 0000 0000 | 0000 49c7 | 87b0 0300 | 0000 0000 | 0049 c787 | a803 0000 | 0000 0000 | c5f8 774d 
  0x0000027c60efd2a0: 8b9f 3004 | 0000 41c7 | 8300 0100 | 0000 0000 | 0049 bbda | a5ef 607c | 0200 004c | 3b5d 180f 
  0x0000027c60efd2c0: 8524 0200 | 0048 8b04 | 2448 83c4 | 1048 85c0 | 0f84 fe01 | 0000 a803 | 0f85 0800 | 0000 488b 
  0x0000027c60efd2e0: 00e9 ee01 | 0000 a801 | 0f85 0900 | 0000 488b | 40fe e9dd | 0100 0048 | 8b40 ff41 | 807f 3800 
  0x0000027c60efd300: 0f84 ce01 | 0000 4883 | f800 0f84 | c401 0000 | 4d8b 5f28 | 4983 fb00 | 0f84 1400 | 0000 4983 
  0x0000027c60efd320: eb08 4d89 | 5f28 4d03 | 5f30 4989 | 03e9 a201 | 0000 4881 | ecd0 0000 | 0048 8904 | 2448 894c 
  0x0000027c60efd340: 2408 4889 | 5424 1048 | 8974 2418 | 4889 7c24 | 204c 8944 | 2428 4c89 | 4c24 304c | 8954 2438 
  0x0000027c60efd360: 4c89 5c24 | 40c5 fb11 | 4424 50c5 | fb11 4c24 | 58c5 fb11 | 5424 60c5 | fb11 5c24 | 68c5 fb11 
  0x0000027c60efd380: 6424 70c5 | fb11 6c24 | 78c5 fb11 | b424 8000 | 0000 c5fb | 11bc 2488 | 0000 00c5 | 7b11 8424 
  0x0000027c60efd3a0: 9000 0000 | c57b 118c | 2498 0000 | 00c5 7b11 | 9424 a000 | 0000 c57b | 119c 24a8 | 0000 00c5 
  0x0000027c60efd3c0: 7b11 a424 | b000 0000 | c57b 11ac | 24b8 0000 | 00c5 7b11 | b424 c000 | 0000 c57b | 11bc 24c8 
  0x0000027c60efd3e0: 0000 0049 | 8bd7 488b | c848 83ec | 2040 f6c4 | 0f0f 8419 | 0000 0048 | 83ec 0848 | b8e0 0701 
  0x0000027c60efd400: 79fa 7f00 | 00ff d048 | 83c4 08e9 | 0c00 0000 | 48b8 e007 | 0179 fa7f | 0000 ffd0 | 4883 c420 
  0x0000027c60efd420: c57b 10bc | 24c8 0000 | 00c5 7b10 | b424 c000 | 0000 c57b | 10ac 24b8 | 0000 00c5 | 7b10 a424 
  0x0000027c60efd440: b000 0000 | c57b 109c | 24a8 0000 | 00c5 7b10 | 9424 a000 | 0000 c57b | 108c 2498 | 0000 00c5 
  0x0000027c60efd460: 7b10 8424 | 9000 0000 | c5fb 10bc | 2488 0000 | 00c5 fb10 | b424 8000 | 0000 c5fb | 106c 2478 
  0x0000027c60efd480: c5fb 1064 | 2470 c5fb | 105c 2468 | c5fb 1054 | 2460 c5fb | 104c 2458 | c5fb 1044 | 2450 4c8b 
  0x0000027c60efd4a0: 5c24 404c | 8b54 2438 | 4c8b 4c24 | 304c 8b44 | 2428 488b | 7c24 2048 | 8b74 2418 | 488b 5424 
  0x0000027c60efd4c0: 1048 8b4c | 2408 488b | 0424 4881 | c4d0 0000 | 00c5 f877 | 4889 4510 | 4883 ec10 | 4889 0424 
  0x0000027c60efd4e0: 48c7 4424 | 0800 0000 | 0041 83bf | c804 0000 | 020f 85bf | 0000 0048 | 81ec 8000 | 0000 4889 
  0x0000027c60efd500: 4424 7848 | 894c 2470 | 4889 5424 | 6848 895c | 2460 4889 | 6c24 5048 | 8974 2448 | 4889 7c24 
  0x0000027c60efd520: 404c 8944 | 2438 4c89 | 4c24 304c | 8954 2428 | 4c89 5c24 | 204c 8964 | 2418 4c89 | 6c24 104c 
  0x0000027c60efd540: 8974 2408 | 4c89 3c24 | 4c8b e448 | 83ec 2048 | 83e4 f048 | b8c0 2244 | 79fa 7f00 | 00ff d049 
  0x0000027c60efd560: 8be4 4c8b | 3c24 4c8b | 7424 084c | 8b6c 2410 | 4c8b 6424 | 184c 8b5c | 2420 4c8b | 5424 284c 
  0x0000027c60efd580: 8b4c 2430 | 4c8b 4424 | 3848 8b7c | 2440 488b | 7424 4848 | 8b6c 2450 | 488b 5c24 | 6048 8b54 
  0x0000027c60efd5a0: 2468 488b | 4c24 7048 | 8b44 2478 | 4881 c480 | 0000 004d | 33e4 488b | 5de8 4c8b | 6b08 4d8d 
  0x0000027c60efd5c0: 6d38 4983 | 7f08 000f | 84bb 0000 | 00e8 0500 | 0000 e996 | 0000 0048 | 8d44 2408 | 4c89 6dc0 
  0x0000027c60efd5e0: 498b cfc5 | f877 4989 | afb0 0300 | 0049 8987 | a003 0000 | 4883 ec20 | 40f6 c40f | 0f84 1900 
  0x0000027c60efd600: 0000 4883 | ec08 48b8 | 006c 0c79 | fa7f 0000 | ffd0 4883 | c408 e90c | 0000 0048 | b800 6c0c 
  0x0000027c60efd620: 79fa 7f00 | 00ff d048 | 83c4 2049 | c787 a003 | 0000 0000 | 0000 49c7 | 87b0 0300 | 0000 0000 
  0x0000027c60efd640: 0049 c787 | a803 0000 | 0000 0000 | c5f8 7749 | 837f 0800 | 0f84 0500 | 0000 e961 | 38ff ff4c 
  0x0000027c60efd660: 8b6d c04c | 8b75 c84e | 8d74 f500 | c348 b940 | d56b 79fa | 7f00 0048 | 83e4 f048 | b870 4a32 
  0x0000027c60efd680: 79fa 7f00 | 00ff d0f4 | 448b 5b28 | 41f6 c320 | 0f84 7901 | 0000 488d | 55a8 4c8b | 5a08 4d85 
  0x0000027c60efd6a0: db0f 85bb | 0000 00e8 | 0500 0000 | e996 0000 | 0048 8d44 | 2408 4c89 | 6dc0 498b | cfc5 f877 
  0x0000027c60efd6c0: 4989 afb0 | 0300 0049 | 8987 a003 | 0000 4883 | ec20 40f6 | c40f 0f84 | 1900 0000 | 4883 ec08 
  0x0000027c60efd6e0: 48b8 306b | 0c79 fa7f | 0000 ffd0 | 4883 c408 | e90c 0000 | 0048 b830 | 6b0c 79fa | 7f00 00ff 
  0x0000027c60efd700: d048 83c4 | 2049 c787 | a003 0000 | 0000 0000 | 49c7 87b0 | 0300 0000 | 0000 0049 | c787 a803 
  0x0000027c60efd720: 0000 0000 | 0000 c5f8 | 7749 837f | 0800 0f84 | 0500 0000 | e987 37ff | ff4c 8b6d | c04c 8b75 
  0x0000027c60efd740: c84e 8d74 | f500 c348 | b940 d56b | 79fa 7f00 | 0048 83e4 | f048 b870 | 4a32 79fa | 7f00 00ff 
  0x0000027c60efd760: d0f4 4c89 | 6dc0 4c8b | 4a08 48c7 | 4208 0000 | 0000 458b | 8718 0600 | 004f 3b4c | 07f8 0f85 
  0x0000027c60efd780: 4900 0000 | 4183 af18 | 0600 0008 | 4f3b 4c07 | f00f 842a | 0000 0049 | 8b01 a802 | 0f85 1200 
  0x0000027c60efd7a0: 0000 4c8b | c049 83c8 | 01f0 4d0f | b101 0f84 | 0d00 0000 | 4183 8718 | 0600 0008 | e90c 0000 
  0x0000027c60efd7c0: 0049 ff8f | 5005 0000 | e93e 0000 | 004c 894a | 0848 8bca | 4883 ec20 | 40f6 c40f | 0f84 1900 
  0x0000027c60efd7e0: 0000 4883 | ec08 48b8 | f03d 0c79 | fa7f 0000 | ffd0 4883 | c408 e90c | 0000 0048 | b8f0 3d0c 
  0x0000027c60efd800: 79fa 7f00 | 00ff d048 | 83c4 204c | 8b6d c049 | ba41 ad93 | 79fa 7f00 | 0041 803a | 000f 843e 
  0x0000027c60efd820: 0000 0048 | 8b55 e849 | 8bcf 4883 | ec20 40f6 | c40f 0f84 | 1900 0000 | 4883 ec08 | 48b8 10ee 
  0x0000027c60efd840: 4379 fa7f | 0000 ffd0 | 4883 c408 | e90c 0000 | 0048 b810 | ee43 79fa | 7f00 00ff | d048 83c4 
  0x0000027c60efd860: 2048 8b04 | 2448 83c4 | 10c5 fb10 | 0424 4883 | c410 4c8b | 5d18 41ff | d34c 8b5d | f8c9 5f49 
  0x0000027c60efd880: 8be3 ffe7 | ba00 0000 | 00e8 0500 | 0000 e996 | 0000 0048 | 8d44 2408 | 4c89 6dc0 | 498b cfc5 
  0x0000027c60efd8a0: f877 4989 | afb0 0300 | 0049 8987 | a003 0000 | 4883 ec20 | 40f6 c40f | 0f84 1900 | 0000 4883 
  0x0000027c60efd8c0: ec08 48b8 | a031 0c79 | fa7f 0000 | ffd0 4883 | c408 e90c | 0000 0048 | b8a0 310c | 79fa 7f00 
  0x0000027c60efd8e0: 00ff d048 | 83c4 2049 | c787 a003 | 0000 0000 | 0000 49c7 | 87b0 0300 | 0000 0000 | 0049 c787 
  0x0000027c60efd900: a803 0000 | 0000 0000 | c5f8 7749 | 837f 0800 | 0f84 0500 | 0000 e9a5 | 35ff ff4c | 8b6d c04c 
  0x0000027c60efd920: 8b75 c84e | 8d74 f500 | c348 8b5d | e8e9 26f6 | ffff 660f | 1f44 0000 
[/MachCode]

---------------  P R O C E S S  ---------------

Threads class SMR info:
_java_thread_list=0x0000027cba5808a0, length=24, elements={
0x0000027c5096f180, 0x0000027c50d9d590, 0x0000027c50d9dff0, 0x0000027cb5149430,
0x0000027cb518d010, 0x0000027cb518f690, 0x0000027cb518fd00, 0x0000027cb51a1ed0,
0x0000027cb51a65a0, 0x0000027cb5339ef0, 0x0000027cb5364db0, 0x0000027cbaf36de0,
0x0000027cbafac240, 0x0000027cbae33410, 0x0000027cbaa87230, 0x0000027cbaa878c0,
0x0000027cbaa86510, 0x0000027cbaa86ba0, 0x0000027cbae6d870, 0x0000027cbae6f2b0,
0x0000027cbae6df00, 0x0000027cbae74e90, 0x0000027cbae73450, 0x0000027cbae6f940
}

Java Threads: ( => current thread )
=>0x0000027c5096f180 JavaThread "main"                              [_thread_in_native, id=20916, stack(0x000000f5e4600000,0x000000f5e4e00000) (8192K)]
  0x0000027c50d9d590 JavaThread "Reference Handler"          daemon [_thread_blocked, id=21824, stack(0x000000f5f5600000,0x000000f5f5e00000) (8192K)]
  0x0000027c50d9dff0 JavaThread "Finalizer"                  daemon [_thread_blocked, id=16932, stack(0x000000f5f5e00000,0x000000f5f6600000) (8192K)]
  0x0000027cb5149430 JavaThread "Signal Dispatcher"          daemon [_thread_blocked, id=25464, stack(0x000000f5f6600000,0x000000f5f6e00000) (8192K)]
  0x0000027cb518d010 JavaThread "Attach Listener"            daemon [_thread_blocked, id=18332, stack(0x000000f5f6e00000,0x000000f5f7600000) (8192K)]
  0x0000027cb518f690 JavaThread "Service Thread"             daemon [_thread_blocked, id=25524, stack(0x000000f5f7600000,0x000000f5f7e00000) (8192K)]
  0x0000027cb518fd00 JavaThread "Monitor Deflation Thread"   daemon [_thread_blocked, id=26280, stack(0x000000f5f7e00000,0x000000f5f8600000) (8192K)]
  0x0000027cb51a1ed0 JavaThread "C2 CompilerThread0"         daemon [_thread_blocked, id=26192, stack(0x000000f5f8600000,0x000000f5f8e00000) (8192K)]
  0x0000027cb51a65a0 JavaThread "C1 CompilerThread0"         daemon [_thread_blocked, id=18732, stack(0x000000f5f8e00000,0x000000f5f9600000) (8192K)]
  0x0000027cb5339ef0 JavaThread "Notification Thread"        daemon [_thread_blocked, id=13076, stack(0x000000f5f9600000,0x000000f5f9e00000) (8192K)]
  0x0000027cb5364db0 JavaThread "Common-Cleaner"             daemon [_thread_blocked, id=3380, stack(0x000000f5f9e00000,0x000000f5fa600000) (8192K)]
  0x0000027cbaf36de0 JavaThread "Thread-0"                          [_thread_in_native, id=21276, stack(0x000000f5e7e00000,0x000000f5e8600000) (8192K)]
  0x0000027cbafac240 JavaThread "Thread-1"                          [_thread_in_native, id=15828, stack(0x000000f5e8600000,0x000000f5e8e00000) (8192K)]
  0x0000027cbae33410 JavaThread "Thread-2"                          [_thread_in_native, id=20404, stack(0x000000f5e8e00000,0x000000f5e9600000) (8192K)]
  0x0000027cbaa87230 JavaThread "Thread-3"                          [_thread_in_native, id=25148, stack(0x000000f5ea600000,0x000000f5eae00000) (8192K)]
  0x0000027cbaa878c0 JavaThread "Thread-4"                          [_thread_in_native, id=16116, stack(0x000000f5e9600000,0x000000f5e9e00000) (8192K)]
  0x0000027cbaa86510 JavaThread "Thread-5"                          [_thread_in_native, id=24712, stack(0x000000f5e9e00000,0x000000f5ea600000) (8192K)]
  0x0000027cbaa86ba0 JavaThread "Thread-6"                          [_thread_in_native, id=20688, stack(0x000000f5eae00000,0x000000f5eb600000) (8192K)]
  0x0000027cbae6d870 JavaThread "Thread-7"                          [_thread_in_native, id=25256, stack(0x000000f5eb600000,0x000000f5ebe00000) (8192K)]
  0x0000027cbae6f2b0 JavaThread "Thread-8"                          [_thread_in_native, id=25008, stack(0x000000f5ebe00000,0x000000f5ec600000) (8192K)]
  0x0000027cbae6df00 JavaThread "Thread-9"                          [_thread_in_native, id=20584, stack(0x000000f5ec600000,0x000000f5ece00000) (8192K)]
  0x0000027cbae74e90 JavaThread "Thread-10"                         [_thread_in_native, id=17004, stack(0x000000f5ed600000,0x000000f5ede00000) (8192K)]
  0x0000027cbae73450 JavaThread "Thread-11"                         [_thread_in_native, id=11044, stack(0x000000f5ece00000,0x000000f5ed600000) (8192K)]
  0x0000027cbae6f940 JavaThread "Thread-12"                         [_thread_blocked, id=18196, stack(0x000000f582800000,0x000000f583000000) (8192K)]
Total: 24

Other Threads:
  0x0000027cb5132e10 VMThread "VM Thread"                           [id=12880, stack(0x000000f5f4e00000,0x000000f5f5600000) (8192K)]
  0x0000027cb511aa00 WatcherThread "VM Periodic Task Thread"        [id=12540, stack(0x000000f5f4600000,0x000000f5f4e00000) (8192K)]
  0x0000027c50c6f1c0 WorkerThread "GC Thread#0"                     [id=8776, stack(0x000000f5f1e00000,0x000000f5f2600000) (8192K)]
  0x0000027cb5c98130 WorkerThread "GC Thread#1"                     [id=23412, stack(0x000000f5fae00000,0x000000f5fb600000) (8192K)]
  0x0000027cb5c96760 WorkerThread "GC Thread#2"                     [id=23736, stack(0x000000f5fb600000,0x000000f5fbe00000) (8192K)]
  0x0000027cb5c979d0 WorkerThread "GC Thread#3"                     [id=12952, stack(0x000000f5fbe00000,0x000000f5fc600000) (8192K)]
  0x0000027cb5c96ec0 WorkerThread "GC Thread#4"                     [id=24228, stack(0x000000f5fc600000,0x000000f5fce00000) (8192K)]
  0x0000027cb5c96b10 WorkerThread "GC Thread#5"                     [id=5764, stack(0x000000f5fce00000,0x000000f5fd600000) (8192K)]
  0x0000027cb5c97270 WorkerThread "GC Thread#6"                     [id=22920, stack(0x000000f5fd600000,0x000000f5fde00000) (8192K)]
  0x0000027cb5c97d80 WorkerThread "GC Thread#7"                     [id=16164, stack(0x000000f5fde00000,0x000000f5fe600000) (8192K)]
  0x0000027cb5f0e430 WorkerThread "GC Thread#8"                     [id=2124, stack(0x000000f5fe600000,0x000000f5fee00000) (8192K)]
  0x0000027cb5f0ce10 WorkerThread "GC Thread#9"                     [id=20408, stack(0x000000f5fa600000,0x000000f5fae00000) (8192K)]
  0x0000027c50c81820 ConcurrentGCThread "G1 Main Marker"            [id=7888, stack(0x000000f5f2600000,0x000000f5f2e00000) (8192K)]
  0x0000027c50c82e50 WorkerThread "G1 Conc#0"                       [id=16504, stack(0x000000f5f2e00000,0x000000f5f3600000) (8192K)]
  0x0000027cb5f0b090 WorkerThread "G1 Conc#1"                       [id=26012, stack(0x000000f5fee00000,0x000000f5ff600000) (8192K)]
  0x0000027cb5f0d1c0 WorkerThread "G1 Conc#2"                       [id=19876, stack(0x000000f5ff600000,0x000000f5ffe00000) (8192K)]
  0x0000027c50d4e010 ConcurrentGCThread "G1 Refine#0"               [id=15320, stack(0x000000f5f3600000,0x000000f5f3e00000) (8192K)]
  0x0000027c50c8d6d0 ConcurrentGCThread "G1 Service"                [id=23756, stack(0x000000f5f3e00000,0x000000f5f4600000) (8192K)]
Total: 18

Threads with active compile tasks:
Total: 0

VM state: not at safepoint (normal execution)

VM Mutex/Monitor currently owned by a thread: None

Heap address: 0x000000068a000000, size: 5984 MB, Compressed Oops mode: Zero based, Oop shift amount: 3

CDS archive(s) mapped at: [0x0000027c74000000-0x0000027c74d70000-0x0000027c74d70000), size 14090240, SharedBaseAddress: 0x0000027c74000000, ArchiveRelocationMode: 1.
Compressed class space mapped at: 0x0000027c75000000-0x0000027cb5000000, reserved size: 1073741824
Narrow klass base: 0x0000027c74000000, Narrow klass shift: 0, Narrow klass range: 0x41000000

GC Precious Log:
 CardTable entry size: 512
 Card Set container configuration: InlinePtr #cards 4 size 8 Array Of Cards #cards 32 size 80 Howl #buckets 8 coarsen threshold 7372 Howl Bitmap #cards 1024 size 144 coarsen threshold 921 Card regions per heap region 1 cards per card region 8192
 CPUs: 12 total, 12 available
 Memory: 23925M
 Large Page Support: Disabled
 NUMA Support: Disabled
 Compressed Oops: Enabled (Zero based)
 Heap Region Size: 4M
 Heap Min Capacity: 8M
 Heap Initial Capacity: 376M
 Heap Max Capacity: 5984M
 Pre-touch: Disabled
 Parallel Workers: 10
 Concurrent Workers: 3
 Concurrent Refinement Workers: 10
 Periodic GC: Disabled

Heap:
 garbage-first heap   total reserved 6127616K, committed 32768K, used 9866K [0x000000068a000000, 0x0000000800000000)
  region size 4096K, 3 young (12288K), 1 survivors (4096K)
 Metaspace       used 24282K, committed 24448K, reserved 1114112K
  class space    used 2467K, committed 2560K, reserved 1048576K

Heap Regions: E=young(eden), S=young(survivor), O=old, HS=humongous(starts), HC=humongous(continues), CS=collection set, F=free, TAMS=top-at-mark-start, PB=parsable bottom
|   0|0x000000068a000000, 0x000000068a230b20, 0x000000068a400000| 54%| O|  |TAMS 0x000000068a000000| PB 0x000000068a000000| Untracked |  0
|   1|0x000000068a400000, 0x000000068a6604b8, 0x000000068a800000| 59%| O|  |TAMS 0x000000068a400000| PB 0x000000068a400000| Untracked |  0
|   2|0x000000068a800000, 0x000000068a800000, 0x000000068ac00000|  0%| F|  |TAMS 0x000000068a800000| PB 0x000000068a800000| Untracked |  0
|   3|0x000000068ac00000, 0x000000068ad118f0, 0x000000068b000000| 26%| S|CS|TAMS 0x000000068ac00000| PB 0x000000068ac00000| Complete |  0
|   4|0x000000068b000000, 0x000000068b000000, 0x000000068b400000|  0%| F|  |TAMS 0x000000068b000000| PB 0x000000068b000000| Untracked |  0
|   5|0x000000068b400000, 0x000000068b400000, 0x000000068b800000|  0%| F|  |TAMS 0x000000068b400000| PB 0x000000068b400000| Untracked |  0
|  88|0x00000006a0000000, 0x00000006a0205a20, 0x00000006a0400000| 50%| E|  |TAMS 0x00000006a0000000| PB 0x00000006a0000000| Complete |  0
|  93|0x00000006a1400000, 0x00000006a1800000, 0x00000006a1800000|100%| E|CS|TAMS 0x00000006a1400000| PB 0x00000006a1400000| Complete |  0

Card table byte_map: [0x0000027c6a1f0000,0x0000027c6ada0000] _byte_map_base: 0x0000027c66da0000

Marking Bits: (CMBitMap*) 0x0000027c50c6f580
 Bits: [0x0000027c6ada0000, 0x0000027c70b20000)

Polling page: 0x0000027c50f30000

Metaspace:

Usage:
  Non-class:     21.30 MB used.
      Class:      2.41 MB used.
       Both:     23.71 MB used.

Virtual space:
  Non-class space:       64.00 MB reserved,      21.38 MB ( 33%) committed,  1 nodes.
      Class space:        1.00 GB reserved,       2.50 MB ( <1%) committed,  1 nodes.
             Both:        1.06 GB reserved,      23.88 MB (  2%) committed. 

Chunk freelists:
   Non-Class:  8.27 MB
       Class:  13.45 MB
        Both:  21.72 MB

MaxMetaspaceSize: unlimited
CompressedClassSpaceSize: 1.00 GB
Initial GC threshold: 21.00 MB
Current GC threshold: 35.12 MB
CDS: on
 - commit_granule_bytes: 65536.
 - commit_granule_words: 8192.
 - virtual_space_node_default_size: 8388608.
 - enlarge_chunks_in_place: 1.
 - use_allocation_guard: 0.


Internal statistics:

num_allocs_failed_limit: 3.
num_arena_births: 58.
num_arena_deaths: 0.
num_vsnodes_births: 2.
num_vsnodes_deaths: 0.
num_space_committed: 381.
num_space_uncommitted: 0.
num_chunks_returned_to_freelist: 3.
num_chunks_taken_from_freelist: 786.
num_chunk_merges: 3.
num_chunk_splits: 741.
num_chunks_enlarged: 710.
num_inconsistent_stats: 0.

CodeHeap 'non-profiled nmethods': size=120064Kb used=530Kb max_used=530Kb free=119533Kb
 bounds [0x0000027c61480000, 0x0000027c616f0000, 0x0000027c689c0000]
CodeHeap 'profiled nmethods': size=120000Kb used=1890Kb max_used=1890Kb free=118109Kb
 bounds [0x0000027c599c0000, 0x0000027c59c30000, 0x0000027c60ef0000]
CodeHeap 'non-nmethods': size=5696Kb used=1487Kb max_used=1527Kb free=4208Kb
 bounds [0x0000027c60ef0000, 0x0000027c61160000, 0x0000027c61480000]
CodeCache: size=245760Kb, used=3907Kb, max_used=3947Kb, free=241850Kb
 total_blobs=1889, nmethods=1312, adapters=483, full_count=0
Compilation: enabled, stopped_count=0, restarted_count=0

Compilation events (20 events):
Event: 10.248 Thread 0x0000027cb51a65a0 1303       3       godot.api.Node3D$MethodBindings::getGlobalRotatePtr$godot_api_library (4 bytes)
Event: 10.249 Thread 0x0000027cb51a65a0 nmethod 1303 0x0000027c59b96008 code [0x0000027c59b96120, 0x0000027c59b96238]
Event: 10.693 Thread 0x0000027cb51a65a0 1304       3       godot.internal.memory.binding.Binding$Companion::create (47 bytes)
Event: 10.695 Thread 0x0000027cb51a65a0 nmethod 1304 0x0000027c59b96308 code [0x0000027c59b965e0, 0x0000027c59b97b58]
Event: 10.965 Thread 0x0000027cb51a65a0 1305       3       godot.entry.BulletRegistrar$register$1$1$2::invoke (19 bytes)
Event: 10.966 Thread 0x0000027cb51a65a0 nmethod 1305 0x0000027c59b97c08 code [0x0000027c59b97de0, 0x0000027c59b98738]
Event: 11.050 Thread 0x0000027cb51a1ed0 1306       4       godot.api.Node3D::setPosition (52 bytes)
Event: 11.056 Thread 0x0000027cb51a1ed0 nmethod 1306 0x0000027c61502608 code [0x0000027c61502760, 0x0000027c61502b00]
Event: 11.064 Thread 0x0000027cb51a1ed0 1307       4       Bullet::move (31 bytes)
Event: 11.083 Thread 0x0000027cb51a1ed0 nmethod 1307 0x0000027c61502d08 code [0x0000027c61502f20, 0x0000027c61503b18]
Event: 11.083 Thread 0x0000027cb51a1ed0 1308       4       godot.core.Vector3::times (26 bytes)
Event: 11.084 Thread 0x0000027cb51a1ed0 nmethod 1308 0x0000027c61503e08 code [0x0000027c61503f00, 0x0000027c61504010]
Event: 11.084 Thread 0x0000027cb51a1ed0 1309       4       godot.core.Vector3::plus (41 bytes)
Event: 11.085 Thread 0x0000027cb51a1ed0 nmethod 1309 0x0000027c61504108 code [0x0000027c61504220, 0x0000027c61504358]
Event: 11.747 Thread 0x0000027cb51a1ed0 1310       4       godot.entry.BulletRegistrar$register$1$1$2::invoke (19 bytes)
Event: 11.749 Thread 0x0000027cb51a1ed0 nmethod 1310 0x0000027c61504408 code [0x0000027c61504540, 0x0000027c615046e8]
Event: 11.750 Thread 0x0000027cb51a1ed0 1311       4       Projectile::_process (34 bytes)
Event: 11.750 Thread 0x0000027cb51a1ed0 nmethod 1311 0x0000027c61504788 code [0x0000027c615048a0, 0x0000027c615049c0]
Event: 11.754 Thread 0x0000027cb51a65a0 1312       3       godot.core.KtObject::access$getInitConfig$cp (4 bytes)
Event: 11.754 Thread 0x0000027cb51a65a0 nmethod 1312 0x0000027c59b98808 code [0x0000027c59b98920, 0x0000027c59b98a18]

GC Heap History (10 events):
Event: 0.501 GC heap before
{Heap before GC invocations=0 (full 0):
 garbage-first heap   total reserved 6127616K, committed 385024K, used 20480K [0x000000068a000000, 0x0000000800000000)
  region size 4096K, 6 young (24576K), 0 survivors (0K)
 Metaspace       used 7451K, committed 7616K, reserved 1114112K
  class space    used 443K, committed 512K, reserved 1048576K
}
Event: 0.504 GC heap after
{Heap after GC invocations=1 (full 0):
 garbage-first heap   total reserved 6127616K, committed 385024K, used 2442K [0x000000068a000000, 0x0000000800000000)
  region size 4096K, 1 young (4096K), 1 survivors (4096K)
 Metaspace       used 7451K, committed 7616K, reserved 1114112K
  class space    used 443K, committed 512K, reserved 1048576K
}
Event: 0.858 GC heap before
{Heap before GC invocations=1 (full 0):
 garbage-first heap   total reserved 6127616K, committed 385024K, used 22922K [0x000000068a000000, 0x0000000800000000)
  region size 4096K, 7 young (28672K), 1 survivors (4096K)
 Metaspace       used 15055K, committed 15168K, reserved 1114112K
  class space    used 1285K, committed 1344K, reserved 1048576K
}
Event: 0.861 GC heap after
{Heap after GC invocations=2 (full 0):
 garbage-first heap   total reserved 6127616K, committed 385024K, used 3435K [0x000000068a000000, 0x0000000800000000)
  region size 4096K, 1 young (4096K), 1 survivors (4096K)
 Metaspace       used 15055K, committed 15168K, reserved 1114112K
  class space    used 1285K, committed 1344K, reserved 1048576K
}
Event: 1.300 GC heap before
{Heap before GC invocations=2 (full 0):
 garbage-first heap   total reserved 6127616K, committed 385024K, used 19819K [0x000000068a000000, 0x0000000800000000)
  region size 4096K, 6 young (24576K), 1 survivors (4096K)
 Metaspace       used 21408K, committed 21504K, reserved 1114112K
  class space    used 2075K, committed 2112K, reserved 1048576K
}
Event: 1.303 GC heap after
{Heap after GC invocations=3 (full 0):
 garbage-first heap   total reserved 6127616K, committed 385024K, used 4855K [0x000000068a000000, 0x0000000800000000)
  region size 4096K, 1 young (4096K), 1 survivors (4096K)
 Metaspace       used 21408K, committed 21504K, reserved 1114112K
  class space    used 2075K, committed 2112K, reserved 1048576K
}
Event: 7.436 GC heap before
{Heap before GC invocations=4 (full 0):
 garbage-first heap   total reserved 6127616K, committed 28672K, used 25335K [0x000000068a000000, 0x0000000800000000)
  region size 4096K, 6 young (24576K), 1 survivors (4096K)
 Metaspace       used 24242K, committed 24448K, reserved 1114112K
  class space    used 2466K, committed 2560K, reserved 1048576K
}
Event: 7.442 GC heap after
{Heap after GC invocations=5 (full 0):
 garbage-first heap   total reserved 6127616K, committed 32768K, used 5678K [0x000000068a000000, 0x0000000800000000)
  region size 4096K, 1 young (4096K), 1 survivors (4096K)
 Metaspace       used 24242K, committed 24448K, reserved 1114112K
  class space    used 2466K, committed 2560K, reserved 1048576K
}
Event: 10.378 GC heap before
{Heap before GC invocations=5 (full 0):
 garbage-first heap   total reserved 6127616K, committed 32768K, used 17966K [0x000000068a000000, 0x0000000800000000)
  region size 4096K, 4 young (16384K), 1 survivors (4096K)
 Metaspace       used 24277K, committed 24448K, reserved 1114112K
  class space    used 2467K, committed 2560K, reserved 1048576K
}
Event: 10.384 GC heap after
{Heap after GC invocations=6 (full 0):
 garbage-first heap   total reserved 6127616K, committed 32768K, used 5770K [0x000000068a000000, 0x0000000800000000)
  region size 4096K, 1 young (4096K), 1 survivors (4096K)
 Metaspace       used 24277K, committed 24448K, reserved 1114112K
  class space    used 2467K, committed 2560K, reserved 1048576K
}

Dll operation events (8 events):
Event: 0.004 Loaded shared library C:\Program Files\Java\jdk-23\bin\java.dll
Event: 0.028 Loaded shared library C:\Program Files\Java\jdk-23\bin\jsvml.dll
Event: 0.046 Loaded shared library C:\Program Files\Java\jdk-23\bin\net.dll
Event: 0.048 Loaded shared library C:\Program Files\Java\jdk-23\bin\nio.dll
Event: 0.057 Loaded shared library C:\Program Files\Java\jdk-23\bin\zip.dll
Event: 0.084 Loaded shared library C:\Program Files\Java\jdk-23\bin\jimage.dll
Event: 1.708 Loaded shared library C:\Program Files\Java\jdk-23\bin\verify.dll
Event: 1.842 Loaded shared library C:\Users\Afif Zughayer\AppData\Local\Temp\nativelib-loader_2307179468369637455\jssc.dll

Deoptimization events (20 events):
Event: 5.956 Thread 0x0000027c5096f180 Uncommon trap: trap_request=0xffffffde fr.pc=0x0000027c614f0204 relative=0x0000000000000244
Event: 5.956 Thread 0x0000027c5096f180 Uncommon trap: reason=class_check action=maybe_recompile pc=0x0000027c614f0204 method=java.util.HashMap.getNode(Ljava/lang/Object;)Ljava/util/HashMap$Node; @ 63 c2
Event: 5.956 Thread 0x0000027c5096f180 DEOPT PACKING pc=0x0000027c614f0204 sp=0x000000f5e4dfe300
Event: 5.956 Thread 0x0000027c5096f180 DEOPT UNPACKING pc=0x0000027c60f44402 sp=0x000000f5e4dfe268 mode 2
Event: 7.446 Thread 0x0000027c5096f180 Uncommon trap: trap_request=0xffffff45 fr.pc=0x0000027c614aeadc relative=0x000000000000005c
Event: 7.446 Thread 0x0000027c5096f180 Uncommon trap: reason=unstable_if action=reinterpret pc=0x0000027c614aeadc method=java.lang.ref.ReferenceQueue.headIsNull()Z @ 4 c2
Event: 7.446 Thread 0x0000027c5096f180 DEOPT PACKING pc=0x0000027c614aeadc sp=0x000000f5e4dfefd0
Event: 7.446 Thread 0x0000027c5096f180 DEOPT UNPACKING pc=0x0000027c60f44402 sp=0x000000f5e4dfeef8 mode 2
Event: 7.457 Thread 0x0000027c5096f180 Uncommon trap: trap_request=0xffffff5c fr.pc=0x0000027c614f8fe4 relative=0x0000000000000064
Event: 7.457 Thread 0x0000027c5096f180 Uncommon trap: reason=speculate_null_check action=make_not_entrant pc=0x0000027c614f8fe4 method=jdk.internal.misc.Unsafe.putLongUnaligned(Ljava/lang/Object;JJZ)V @ 10 c2
Event: 7.457 Thread 0x0000027c5096f180 DEOPT PACKING pc=0x0000027c614f8fe4 sp=0x000000f5e4dfe610
Event: 7.457 Thread 0x0000027c5096f180 DEOPT UNPACKING pc=0x0000027c60f44402 sp=0x000000f5e4dfe560 mode 2
Event: 10.958 Thread 0x0000027c5096f180 Uncommon trap: trap_request=0xffffff45 fr.pc=0x0000027c614fce98 relative=0x0000000000000858
Event: 10.958 Thread 0x0000027c5096f180 Uncommon trap: reason=unstable_if action=reinterpret pc=0x0000027c614fce98 method=Projectile._process(D)V @ 9 c2
Event: 10.958 Thread 0x0000027c5096f180 DEOPT PACKING pc=0x0000027c614fce98 sp=0x000000f5e4dfec60
Event: 10.959 Thread 0x0000027c5096f180 DEOPT UNPACKING pc=0x0000027c60f44402 sp=0x000000f5e4dfeb30 mode 2
Event: 12.388 Thread 0x0000027c5096f180 Uncommon trap: trap_request=0xffffffde fr.pc=0x0000027c614f7b74 relative=0x0000000000000a14
Event: 12.388 Thread 0x0000027c5096f180 Uncommon trap: reason=class_check action=maybe_recompile pc=0x0000027c614f7b74 method=godot.core.KtFunction.invoke(Lgodot/core/KtObject;)V @ 38 c2
Event: 12.388 Thread 0x0000027c5096f180 DEOPT PACKING pc=0x0000027c614f7b74 sp=0x000000f5e4dfed30
Event: 12.389 Thread 0x0000027c5096f180 DEOPT UNPACKING pc=0x0000027c60f44402 sp=0x000000f5e4dfed10 mode 2

Classes loaded (20 events):
Event: 1.793 Loading class java/io/FileOutputStream$1
Event: 1.793 Loading class java/io/FileOutputStream$1 done
Event: 1.842 Loading class jdk/internal/loader/NativeLibraries$Unloader
Event: 1.842 Loading class jdk/internal/loader/NativeLibraries$Unloader done
Event: 1.842 Loading class java/lang/Throwable$WrappedPrintStream
Event: 1.842 Loading class java/lang/Throwable$PrintStreamOrWriter
Event: 1.842 Loading class java/lang/Throwable$PrintStreamOrWriter done
Event: 1.842 Loading class java/lang/Throwable$WrappedPrintStream done
Event: 1.849 Loading class java/util/concurrent/Semaphore
Event: 1.850 Loading class java/util/concurrent/Semaphore done
Event: 1.850 Loading class java/util/concurrent/Semaphore$NonfairSync
Event: 1.850 Loading class java/util/concurrent/Semaphore$Sync
Event: 1.850 Loading class java/util/concurrent/Semaphore$Sync done
Event: 1.850 Loading class java/util/concurrent/Semaphore$NonfairSync done
Event: 1.873 Loading class java/util/concurrent/locks/AbstractQueuedSynchronizer$SharedNode
Event: 1.874 Loading class java/util/concurrent/locks/AbstractQueuedSynchronizer$SharedNode done
Event: 1.938 Loading class java/util/ArrayList$SubList$1
Event: 1.938 Loading class java/util/ArrayList$SubList$1 done
Event: 10.377 Loading class jdk/internal/event/ThreadSleepEvent
Event: 10.384 Loading class jdk/internal/event/ThreadSleepEvent done

Classes unloaded (0 events):
No events

Classes redefined (0 events):
No events

Internal exceptions (20 events):
Event: 1.865 Thread 0x0000027c5096f180 Exception <a 'java/io/IOException'{0x000000068ab67000}> (0x000000068ab67000) 
thrown [s\open\src\hotspot\share\prims\jni.cpp, line 520]
Event: 1.865 Thread 0x0000027c5096f180 Exception <a 'java/io/IOException'{0x000000068ab67318}> (0x000000068ab67318) 
thrown [s\open\src\hotspot\share\prims\jni.cpp, line 520]
Event: 1.865 Thread 0x0000027c5096f180 Exception <a 'java/io/IOException'{0x000000068ab67828}> (0x000000068ab67828) 
thrown [s\open\src\hotspot\share\prims\jni.cpp, line 520]
Event: 1.865 Thread 0x0000027c5096f180 Exception <a 'java/io/IOException'{0x000000068ab67b40}> (0x000000068ab67b40) 
thrown [s\open\src\hotspot\share\prims\jni.cpp, line 520]
Event: 1.866 Thread 0x0000027c5096f180 Exception <a 'java/io/IOException'{0x000000068ab690e0}> (0x000000068ab690e0) 
thrown [s\open\src\hotspot\share\prims\jni.cpp, line 520]
Event: 1.866 Thread 0x0000027c5096f180 Exception <a 'java/io/IOException'{0x000000068ab693f8}> (0x000000068ab693f8) 
thrown [s\open\src\hotspot\share\prims\jni.cpp, line 520]
Event: 1.866 Thread 0x0000027c5096f180 Exception <a 'java/io/IOException'{0x000000068ab69a60}> (0x000000068ab69a60) 
thrown [s\open\src\hotspot\share\prims\jni.cpp, line 520]
Event: 1.866 Thread 0x0000027c5096f180 Exception <a 'java/io/IOException'{0x000000068ab69d78}> (0x000000068ab69d78) 
thrown [s\open\src\hotspot\share\prims\jni.cpp, line 520]
Event: 1.866 Thread 0x0000027c5096f180 Exception <a 'java/io/IOException'{0x000000068ab6a270}> (0x000000068ab6a270) 
thrown [s\open\src\hotspot\share\prims\jni.cpp, line 520]
Event: 1.866 Thread 0x0000027c5096f180 Exception <a 'java/io/IOException'{0x000000068ab6a588}> (0x000000068ab6a588) 
thrown [s\open\src\hotspot\share\prims\jni.cpp, line 520]
Event: 1.866 Thread 0x0000027c5096f180 Exception <a 'java/io/IOException'{0x000000068ab6aa38}> (0x000000068ab6aa38) 
thrown [s\open\src\hotspot\share\prims\jni.cpp, line 520]
Event: 1.866 Thread 0x0000027c5096f180 Exception <a 'java/io/IOException'{0x000000068ab6ad50}> (0x000000068ab6ad50) 
thrown [s\open\src\hotspot\share\prims\jni.cpp, line 520]
Event: 1.866 Thread 0x0000027c5096f180 Exception <a 'java/io/IOException'{0x000000068ab6b2a0}> (0x000000068ab6b2a0) 
thrown [s\open\src\hotspot\share\prims\jni.cpp, line 520]
Event: 1.866 Thread 0x0000027c5096f180 Exception <a 'java/io/IOException'{0x000000068ab6b5b8}> (0x000000068ab6b5b8) 
thrown [s\open\src\hotspot\share\prims\jni.cpp, line 520]
Event: 1.866 Thread 0x0000027c5096f180 Exception <a 'java/io/IOException'{0x000000068ab6bb08}> (0x000000068ab6bb08) 
thrown [s\open\src\hotspot\share\prims\jni.cpp, line 520]
Event: 1.866 Thread 0x0000027c5096f180 Exception <a 'java/io/IOException'{0x000000068ab6be20}> (0x000000068ab6be20) 
thrown [s\open\src\hotspot\share\prims\jni.cpp, line 520]
Event: 1.866 Thread 0x0000027c5096f180 Exception <a 'java/io/IOException'{0x000000068ab6c318}> (0x000000068ab6c318) 
thrown [s\open\src\hotspot\share\prims\jni.cpp, line 520]
Event: 1.866 Thread 0x0000027c5096f180 Exception <a 'java/io/IOException'{0x000000068ab6c630}> (0x000000068ab6c630) 
thrown [s\open\src\hotspot\share\prims\jni.cpp, line 520]
Event: 1.867 Thread 0x0000027c5096f180 Exception <a 'java/io/IOException'{0x000000068ab6cb40}> (0x000000068ab6cb40) 
thrown [s\open\src\hotspot\share\prims\jni.cpp, line 520]
Event: 1.867 Thread 0x0000027c5096f180 Exception <a 'java/io/IOException'{0x000000068ab6ce58}> (0x000000068ab6ce58) 
thrown [s\open\src\hotspot\share\prims\jni.cpp, line 520]

VM Operations (20 events):
Event: 1.300 Executing VM operation: CollectForMetadataAllocation (Metadata GC Threshold)
Event: 1.304 Executing VM operation: CollectForMetadataAllocation (Metadata GC Threshold) done
Event: 1.307 Executing VM operation: G1PauseRemark
Event: 1.307 Executing VM operation: G1PauseRemark done
Event: 1.308 Executing VM operation: G1PauseCleanup
Event: 1.308 Executing VM operation: G1PauseCleanup done
Event: 1.758 Executing VM operation: HandshakeAllThreads (Deoptimize)
Event: 1.758 Executing VM operation: HandshakeAllThreads (Deoptimize) done
Event: 1.778 Executing VM operation: HandshakeAllThreads (Deoptimize)
Event: 1.778 Executing VM operation: HandshakeAllThreads (Deoptimize) done
Event: 1.789 Executing VM operation: HandshakeAllThreads (Deoptimize)
Event: 1.789 Executing VM operation: HandshakeAllThreads (Deoptimize) done
Event: 1.861 Executing VM operation: HandshakeAllThreads (Deoptimize)
Event: 1.861 Executing VM operation: HandshakeAllThreads (Deoptimize) done
Event: 1.861 Executing VM operation: HandshakeAllThreads (Deoptimize)
Event: 1.862 Executing VM operation: HandshakeAllThreads (Deoptimize) done
Event: 7.436 Executing VM operation: G1CollectForAllocation (G1 Evacuation Pause)
Event: 7.442 Executing VM operation: G1CollectForAllocation (G1 Evacuation Pause) done
Event: 10.377 Executing VM operation: G1CollectForAllocation (G1 Evacuation Pause)
Event: 10.384 Executing VM operation: G1CollectForAllocation (G1 Evacuation Pause) done

Memory protections (0 events):
No events

Nmethod flushes (0 events):
No events

Events (20 events):
Event: 0.027 Thread 0x0000027c5096f180 Thread added: 0x0000027cb51a65a0
Event: 0.040 Thread 0x0000027c5096f180 Thread added: 0x0000027cb5339ef0
Event: 0.044 Thread 0x0000027c5096f180 Thread added: 0x0000027cb5364db0
Event: 0.056 Thread 0x0000027cb51a1ed0 Thread added: 0x0000027cb53f9a60
Event: 0.647 Thread 0x0000027cb53f9a60 Thread exited: 0x0000027cb53f9a60
Event: 1.521 Thread 0x0000027cbaf36de0 Thread added: 0x0000027cbaf36de0
Event: 1.522 Thread 0x0000027cbafac240 Thread added: 0x0000027cbafac240
Event: 1.522 Thread 0x0000027cbae33410 Thread added: 0x0000027cbae33410
Event: 1.555 Thread 0x0000027cbaa87230 Thread added: 0x0000027cbaa87230
Event: 1.555 Thread 0x0000027cbaa878c0 Thread added: 0x0000027cbaa878c0
Event: 1.555 Thread 0x0000027cbaa86510 Thread added: 0x0000027cbaa86510
Event: 1.563 Thread 0x0000027cbaa86ba0 Thread added: 0x0000027cbaa86ba0
Event: 1.563 Thread 0x0000027cbae6d870 Thread added: 0x0000027cbae6d870
Event: 1.563 Thread 0x0000027cbae6f2b0 Thread added: 0x0000027cbae6f2b0
Event: 1.698 Thread 0x0000027cbae6df00 Thread added: 0x0000027cbae6df00
Event: 1.699 Thread 0x0000027cbae74e90 Thread added: 0x0000027cbae74e90
Event: 1.699 Thread 0x0000027cbae73450 Thread added: 0x0000027cbae73450
Event: 1.772 Thread 0x0000027cb51a65a0 Thread added: 0x0000027cc2b40280
Event: 1.859 Thread 0x0000027c5096f180 Thread added: 0x0000027cbae6f940
Event: 2.002 Thread 0x0000027cc2b40280 Thread exited: 0x0000027cc2b40280


Dynamic libraries:
0x00007ff769390000 - 0x00007ff772382000 	C:\Users\Afif Zughayer\Downloads\godot-kotlin-jvm_editor_windows_x86_64_release_0.13.1-4.4.1\godot.windows.editor.x86_64.jvm.0.13.1.exe
0x00007ffb1c450000 - 0x00007ffb1c648000 	C:\Windows\SYSTEM32\ntdll.dll
0x00007ffb1aec0000 - 0x00007ffb1af82000 	C:\Windows\System32\KERNEL32.DLL
0x00007ffb19ed0000 - 0x00007ffb1a1c6000 	C:\Windows\System32\KERNELBASE.dll
0x00007ffb1ac20000 - 0x00007ffb1ad4b000 	C:\Windows\System32\ole32.dll
0x00007ffb19ae0000 - 0x00007ffb19be0000 	C:\Windows\System32\ucrtbase.dll
0x00007ffb1a520000 - 0x00007ffb1a640000 	C:\Windows\System32\RPCRT4.dll
0x00007ffb1b140000 - 0x00007ffb1b494000 	C:\Windows\System32\combase.dll
0x00007ffb0f0b0000 - 0x00007ffb0f0d7000 	C:\Windows\SYSTEM32\WINMM.dll
0x00007ffb1c370000 - 0x00007ffb1c40e000 	C:\Windows\System32\msvcrt.dll
0x00007ffb1a6a0000 - 0x00007ffb1a6cb000 	C:\Windows\System32\GDI32.dll
0x00007ffb1a440000 - 0x00007ffb1a462000 	C:\Windows\System32\win32u.dll
0x00007ffb19cc0000 - 0x00007ffb19dd9000 	C:\Windows\System32\gdi32full.dll
0x00007ffb19de0000 - 0x00007ffb19e7d000 	C:\Windows\System32\msvcp_win.dll
0x00007ffb1af90000 - 0x00007ffb1b131000 	C:\Windows\System32\USER32.dll
0x00007ffb1ba10000 - 0x00007ffb1badd000 	C:\Windows\System32\OLEAUT32.dll
0x00007ffb1bae0000 - 0x00007ffb1bb3b000 	C:\Windows\System32\SHLWAPI.dll
0x00007ffb1bb40000 - 0x00007ffb1c2b0000 	C:\Windows\System32\SHELL32.dll
0x00007ffb1b4b0000 - 0x00007ffb1b561000 	C:\Windows\System32\ADVAPI32.dll
0x00007ffb1ad50000 - 0x00007ffb1adef000 	C:\Windows\System32\sechost.dll
0x00007ffb19be0000 - 0x00007ffb19c07000 	C:\Windows\System32\bcrypt.dll
0x00007ffb1c2c0000 - 0x00007ffb1c2ef000 	C:\Windows\System32\IMM32.dll
0x00007ffb1a1d0000 - 0x00007ffb1a32d000 	C:\Windows\System32\CRYPT32.dll
0x00007ffb01200000 - 0x00007ffb01245000 	C:\Windows\SYSTEM32\DINPUT8.dll
0x00007ffb1adf0000 - 0x00007ffb1ae5b000 	C:\Windows\System32\WS2_32.dll
0x00007ffb17940000 - 0x00007ffb1794a000 	C:\Windows\SYSTEM32\AVRT.dll
0x00007ffb16700000 - 0x00007ffb1672e000 	C:\Windows\SYSTEM32\dwmapi.dll
0x00007ffb17100000 - 0x00007ffb1737f000 	C:\Windows\SYSTEM32\DWrite.dll
0x00007ffb17490000 - 0x00007ffb17691000 	C:\Windows\SYSTEM32\dbghelp.dll
0x00007ffb18ee0000 - 0x00007ffb18f1b000 	C:\Windows\SYSTEM32\IPHLPAPI.DLL
0x00007ffb05030000 - 0x00007ffb05039000 	C:\Windows\SYSTEM32\WSOCK32.dll
0x00007ffb1a3b0000 - 0x00007ffb1a432000 	C:\Windows\System32\bcryptPrimitives.dll
0x00007ffb0c9b0000 - 0x00007ffb0cb02000 	C:\Windows\SYSTEM32\inputhost.dll
0x00007ffb1a470000 - 0x00007ffb1a51d000 	C:\Windows\System32\shcore.dll
0x00007ffb14d10000 - 0x00007ffb14e02000 	C:\Windows\SYSTEM32\CoreMessaging.dll
0x00007ffb15930000 - 0x00007ffb15a87000 	C:\Windows\SYSTEM32\wintypes.dll
0x00007ffb15a90000 - 0x00007ffb15b84000 	C:\Windows\SYSTEM32\PROPSYS.dll
0x00007ffb123c0000 - 0x00007ffb1271b000 	C:\Windows\SYSTEM32\CoreUIComponents.dll
0x00007ffb182b0000 - 0x00007ffb182c2000 	C:\Windows\SYSTEM32\kernel.appcore.dll
0x00007ffb18d00000 - 0x00007ffb18d33000 	C:\Windows\SYSTEM32\ntmarta.dll
0x00007ffb16500000 - 0x00007ffb1659e000 	C:\Windows\system32\uxtheme.dll
0x00007ffb19200000 - 0x00007ffb1926a000 	C:\Windows\system32\mswsock.dll
0x00007ffad6e70000 - 0x00007ffad6f11000 	C:\Windows\SYSTEM32\vulkan-1.dll
0x00007ffb19e80000 - 0x00007ffb19ece000 	C:\Windows\System32\CFGMGR32.dll
0x00007ffb07070000 - 0x00007ffb0708e000 	C:\Windows\SYSTEM32\VCRUNTIME140.dll
0x00007ffb18340000 - 0x00007ffb18436000 	C:\Windows\system32\dxgi.dll
0x00007ffb0d370000 - 0x00007ffb0d381000 	C:\Windows\SYSTEM32\windows.staterepositorycore.dll
0x00007ffabbad0000 - 0x00007ffac16c2000 	C:\Windows\System32\DriverStore\FileRepository\u0407052.inf_amd64_84d15514ad17ffa0\B406619\amdvlk64.dll
0x00007ffb1b590000 - 0x00007ffb1ba00000 	C:\Windows\System32\SETUPAPI.dll
0x00007ffb0efb0000 - 0x00007ffb0efe5000 	C:\Windows\SYSTEM32\amdihk64.dll
0x00007ffae1830000 - 0x00007ffae187b000 	C:\ProgramData\obs-studio-hook\graphics-hook64.dll
0x00007ffb19820000 - 0x00007ffb19853000 	C:\Windows\SYSTEM32\DEVOBJ.dll
0x00007ffb1a330000 - 0x00007ffb1a3a3000 	C:\Windows\System32\WINTRUST.dll
0x00007ffb19630000 - 0x00007ffb19642000 	C:\Windows\SYSTEM32\MSASN1.dll
0x00007ffb1ab00000 - 0x00007ffb1ac15000 	C:\Windows\System32\MSCTF.dll
0x00007ffb17b00000 - 0x00007ffb182a5000 	C:\Windows\SYSTEM32\windows.storage.dll
0x00007ffb194a0000 - 0x00007ffb194cb000 	C:\Windows\SYSTEM32\Wldp.dll
0x00007ffb01850000 - 0x00007ffb01861000 	C:\Windows\SYSTEM32\XInput1_4.dll
0x00007ffb182d0000 - 0x00007ffb182dd000 	C:\Windows\SYSTEM32\HID.DLL
0x00007ffb109a0000 - 0x00007ffb10a99000 	C:\Windows\SYSTEM32\textinputframework.dll
0x00007ffb1aa50000 - 0x00007ffb1aaf9000 	C:\Windows\System32\clbcatq.dll
0x00007ffb0cc50000 - 0x00007ffb0ccd5000 	C:\Windows\System32\MMDevApi.dll
0x00007ffb08460000 - 0x00007ffb085e1000 	C:\Windows\SYSTEM32\AUDIOSES.DLL
0x00007ffb19890000 - 0x00007ffb198db000 	C:\Windows\SYSTEM32\powrprof.dll
0x00007ffb19800000 - 0x00007ffb19812000 	C:\Windows\SYSTEM32\UMPDC.dll
0x00007ffb166e0000 - 0x00007ffb166f4000 	C:\Windows\SYSTEM32\resourcepolicyclient.dll
0x00007ffb09690000 - 0x00007ffb096bf000 	C:\Windows\System32\DriverStore\FileRepository\u0407052.inf_amd64_84d15514ad17ffa0\B406619\atig6pxx.dll
0x00007ffab3700000 - 0x00007ffab3828000 	C:\Windows\SYSTEM32\OPENGL32.DLL
0x00007ffaa9270000 - 0x00007ffaa929c000 	C:\Windows\SYSTEM32\GLU32.dll
0x00007ffb13b70000 - 0x00007ffb13c76000 	C:\Windows\System32\AppXDeploymentClient.dll
0x00007ffa90b50000 - 0x00007ffa9502d000 	C:\Windows\System32\DriverStore\FileRepository\u0407052.inf_amd64_84d15514ad17ffa0\B406619\atio6axx.dll
0x00007ffb10120000 - 0x00007ffb1012a000 	C:\Windows\SYSTEM32\VERSION.dll
0x00007ffa78cf0000 - 0x00007ffa79a3f000 	C:\Program Files\Java\jdk-23\bin\server\jvm.dll
0x00007ffb07060000 - 0x00007ffb0706c000 	C:\Windows\SYSTEM32\VCRUNTIME140_1.dll
0x00007ffb14950000 - 0x00007ffb1495a000 	C:\Program Files\Java\jdk-23\bin\jimage.dll
0x00007ffb01ec0000 - 0x00007ffb01ef4000 	C:\Windows\SYSTEM32\dbgcore.DLL
0x00007ffaf71b0000 - 0x00007ffaf71ce000 	C:\Program Files\Java\jdk-23\bin\java.dll
0x00007ffb19a10000 - 0x00007ffb19a34000 	C:\Windows\SYSTEM32\profapi.dll
0x00007ffaa89d0000 - 0x00007ffaa8aa7000 	C:\Program Files\Java\jdk-23\bin\jsvml.dll
0x00007ffb14770000 - 0x00007ffb14780000 	C:\Program Files\Java\jdk-23\bin\net.dll
0x00007ffaf0c20000 - 0x00007ffaf0c36000 	C:\Program Files\Java\jdk-23\bin\nio.dll
0x00007ffaf0af0000 - 0x00007ffaf0b07000 	C:\Program Files\Java\jdk-23\bin\zip.dll
0x00007ffb08880000 - 0x00007ffb08890000 	C:\Program Files\Java\jdk-23\bin\verify.dll
0x00007ffb193f0000 - 0x00007ffb19408000 	C:\Windows\SYSTEM32\CRYPTSP.dll
0x00007ffb18ab0000 - 0x00007ffb18ae8000 	C:\Windows\system32\rsaenh.dll
0x00007ffb19990000 - 0x00007ffb199be000 	C:\Windows\SYSTEM32\USERENV.dll
0x00007ffb19410000 - 0x00007ffb1941c000 	C:\Windows\SYSTEM32\CRYPTBASE.dll
0x00007ffb1c2b0000 - 0x00007ffb1c2b8000 	C:\Windows\System32\NSI.dll
0x00007ffad9840000 - 0x00007ffad9872000 	C:\Users\Afif Zughayer\AppData\Local\Temp\nativelib-loader_2307179468369637455\jssc.dll
0x00007ffaf0290000 - 0x00007ffaf02ce000 	C:\Windows\system32\dataexchange.dll
0x00007ffb120f0000 - 0x00007ffb122d4000 	C:\Windows\system32\dcomp.dll
0x00007ffb176c0000 - 0x00007ffb17924000 	C:\Windows\system32\d3d11.dll
0x00007ffb14b00000 - 0x00007ffb14d03000 	C:\Windows\system32\twinapi.appcore.dll

dbghelp: loaded successfully - version: 4.0.5 - missing functions: none
symbol engine: initialized successfully - sym options: 0x614 - pdb path: .;C:\Users\Afif Zughayer\Downloads\godot-kotlin-jvm_editor_windows_x86_64_release_0.13.1-4.4.1;C:\Windows\SYSTEM32;C:\Windows\System32\DriverStore\FileRepository\u0407052.inf_amd64_84d15514ad17ffa0\B406619;C:\ProgramData\obs-studio-hook;C:\Program Files\Java\jdk-23\bin\server;C:\Program Files\Java\jdk-23\bin;C:\Users\Afif Zughayer\AppData\Local\Temp\nativelib-loader_2307179468369637455

VM Arguments:
java_command: <unknown>
java_class_path (initial): <not set>
Launcher Type: generic

[Global flags]
     intx CICompilerCount                          = 4                                         {product} {ergonomic}
     uint ConcGCThreads                            = 3                                         {product} {ergonomic}
     uint G1ConcRefinementThreads                  = 10                                        {product} {ergonomic}
   size_t G1HeapRegionSize                         = 4194304                                   {product} {ergonomic}
   size_t InitialHeapSize                          = 394264576                                 {product} {ergonomic}
   size_t MarkStackSize                            = 4194304                                   {product} {ergonomic}
   size_t MarkStackSizeMax                         = 536870912                                 {product} {ergonomic}
   size_t MaxHeapSize                              = 6274678784                                {product} {ergonomic}
   size_t MaxNewSize                               = 3762290688                                {product} {ergonomic}
   size_t MinHeapDeltaBytes                        = 4194304                                   {product} {ergonomic}
   size_t MinHeapSize                              = 8388608                                   {product} {ergonomic}
    uintx NonNMethodCodeHeapSize                   = 5832704                                {pd product} {ergonomic}
    uintx NonProfiledCodeHeapSize                  = 122945536                              {pd product} {ergonomic}
    uintx ProfiledCodeHeapSize                     = 122880000                              {pd product} {ergonomic}
    uintx ReservedCodeCacheSize                    = 251658240                              {pd product} {ergonomic}
     bool SegmentedCodeCache                       = true                                      {product} {ergonomic}
   size_t SoftMaxHeapSize                          = 6274678784                             {manageable} {ergonomic}
     bool UseCompressedOops                        = true                           {product lp64_product} {ergonomic}
     bool UseG1GC                                  = true                                      {product} {ergonomic}
     bool UseLargePagesIndividualAllocation        = false                                  {pd product} {ergonomic}

Logging:
Log output configuration:
 #0: stdout all=warning uptime,level,tags foldmultilines=false
 #1: stderr all=off uptime,level,tags foldmultilines=false

Environment Variables:
JAVA_HOME=C:\Program Files\Java\jdk-23
PATH=C:\Program Files\PlasticSCM5\server;C:\Program Files\PlasticSCM5\client;C:\Program Files\Eclipse Adoptium\jdk-17.0.13.11-hotspot\bin;C:\Program Files\Common Files\Oracle\Java\javapath;C:\Windows\system32;C:\Windows;C:\Windows\System32\Wbem;C:\Windows\System32\WindowsPowerShell\v1.0\;C:\Windows\System32\OpenSSH\;C:\Program Files\dotnet\;C:\Program Files (x86)\PharosSystems\Core;C:\Program Files\MATLAB\R2024b\bin;C:\Program Files\Git LFS;C:\Program Files\Git\cmd;C:\Program Files\nodejs\;C:\Program Files\CMake\bin;C:\Program Files\WireGuard\;C:\Users\Afif Zughayer\AppData\Local\Programs\Python\Python313\Scripts\;C:\Users\Afif Zughayer\AppData\Local\Programs\Python\Python313\;C:\Users\Afif Zughayer\AppData\Local\Microsoft\WindowsApps;C:\Users\Afif Zughayer\AppData\Local\GitHubDesktop\bin;C:\Users\Afif Zughayer\AppData\Local\Programs\Microsoft VS Code\bin;C:\Program Files (x86)\Nmap;C:\ffmpeg\bin;C:\Users\Afif Zughayer\AppData\Roaming\npm;C:\Program Files\nodejs;
USERNAME=Afif Zughayer
OS=Windows_NT
PROCESSOR_IDENTIFIER=AMD64 Family 23 Model 104 Stepping 1, AuthenticAMD
TMP=C:\Users\AFIFZU~1\AppData\Local\Temp
TEMP=C:\Users\AFIFZU~1\AppData\Local\Temp




Periodic native trim disabled

---------------  S Y S T E M  ---------------

OS:
 Windows 10 , 64 bit Build 19041 (10.0.19041.5915)
OS uptime: 5 days 23:50 hours
Hyper-V role detected

CPU: total 12 (initial active 12) (12 cores per cpu, 2 threads per core) family 23 model 104 stepping 1 microcode 0x0, cx8, cmov, fxsr, ht, mmx, 3dnowpref, sse, sse2, sse3, ssse3, sse4a, sse4.1, sse4.2, popcnt, lzcnt, tsc, tscinvbit, avx, avx2, aes, clmul, bmi1, bmi2, adx, sha, fma, vzeroupper, clflush, clflushopt, hv, rdtscp, rdpid, f16c
Processor Information for the first 12 processors :
  Max Mhz: 2100, Current Mhz: 2100, Mhz Limit: 2100

Memory: 4k page, system-wide physical 23925M (6928M free)
TotalPageFile size 29762M (AvailPageFile size 3676M)
current process WorkingSet (physical memory assigned to process): 932M, peak: 936M
current process commit charge ("private bytes"): 957M, peak: 970M

vm_info: Java HotSpot(TM) 64-Bit Server VM (23.0.1+11-39) for windows-amd64 JRE (23.0.1+11-39), built on 2024-09-30T07:20:43Z with MS VC++ 17.6 (VS2022)

END.
